// Jest Snapshot v1, https://goo.gl/fbAQLP

exports[`Title tests renders correctly 1`] = `
<div>
  <h2
    class="title"
  >
    EatToday
  </h2>
</div>
`;
